Migration started at Sat Jul 19 06:11:49 PM PDT 2025
SUCCESS: Tarzan.m4v
SUCCESS: The Princess and the Frog.m4v
SUCCESS: The.Grand.Budapest.Hotel.2014.720p.BluRay.x264.YIFY.mp4
SUCCESS: Philomena.2013.720p.BluRay.x264.YIFY.mp4
SUCCESS: Up In The Air.m4v
SUCCESS: Turbo.2013.720p.BluRay.x264.YIFY.mp4
SUCCESS: Superman.1978.720.BrRip.264.YIFY.mp4
SUCCESS: Pulp.Fiction.1994.720p.BrRip.x264.YIFY.mp4
SUCCESS: Rushmore.1998.720p.BluRay.x264.YIFY.mp4
SUCCESS: I Love You Man.m4v
SUCCESS: Shrek.m4v
SUCCESS: Inglorious Basterds.m4v
SUCCESS: Shrek 2.m4v
SUCCESS: Wall-E.m4v
SUCCESS: The Pirates_ Band of Misfits.m4v
SUCCESS: Nine.m4v
SUCCESS: Hot Fuzz.m4v
SUCCESS: Casino Royale.m4v
SUCCESS: Strangers With Candy.m4v
SUCCESS: Shrek Forever After.m4v
SUCCESS: Moonrise.Kingdom.2012.LiMiTED.BRRip.XVID.AbSurdiTy.avi
SUCCESS: X-Men Origins Wolverine (2009) DVDRip XviD-MAXSPEED www.torentz.3xforum.ro.avi
SUCCESS: Beatles - Let It Be The Film DVD Ripp Grannyphone.avi
SUCCESS: National.Lampoon's.Christmas.Vacation.DVDRip.XviD-hm1.avi
SUCCESS: Beetlejuice 1988 DvDrip[Eng]-greenbud1969.avi
