Migration started at Sat Jul 19 05:52:42 PM PDT 2025
SKIP: The Breakfast Club.mp4 (already exists)
SUCCESS: Concert For George 1.m4v
SUCCESS: Indiana Jones 4 2008 Kingdom Of The Crystal Skull.mp4
SUCCESS: Indiana Jones 2 1984 Temple Of Doom.mp4
SUCCESS: Indiana Jones 1 1981 Raiders Of The Lost Ark.mp4
SUCCESS: Barry Lyndon.m4v
SUCCESS: RiffTrax Live House on Haunted Hill.avi
SUCCESS: Nick and Norah's Infinite Playlist.m4v
SUCCESS: Harry Potter and the Prisoner of Azkaban.m4v
SUCCESS: Harry Potter and the Sorcerer's Stone.m4v
SUCCESS: Little Fugitive.m4v
SUCCESS: Harry Potter and the Chamber of Secrets.m4v
SUCCESS: George of the Jungle.m4v
SUCCESS: Love Actually.m4v
SUCCESS: It Might Get Loud.m4v
SUCCESS: The Dark Knight.m4v
SUCCESS: Dumb and Dumber (unrated).m4v
SUCCESS: Rifftrax MKB - The Wizard Of Oz 1939 75th Anniversary Edition 1080p.mkv
SUCCESS: Teenage Mutant Ninja Turtles.m4v
SUCCESS: The Life of Brian.m4v
SUCCESS: THE_GOONIES.m4v
SUCCESS: Hop.m4v
SUCCESS: Inception.m4v
SUCCESS: The.Darjeeling.Limited.2007.720p.BluRay.x264.anoXmous_.mp4
SUCCESS: Mr. Bean's Holiday.m4v
