Migration started at Sat Jul 19 06:09:56 PM PDT 2025
SUCCESS: Zookeeper.m4v
SUCCESS: Bean.m4v
SUCCESS: A_MONSTER_IN_PARIS.m4v
SUCCESS: The Hangover 2.m4v
SUCCESS: Chicken Run.m4v
SUCCESS: The Jungle Book 2.mp4
SUCCESS: ASTRO_BOY.m4v
SUCCESS: Wallace and Grommit_ The Curse of the Were-Rabbit.m4v
SUCCESS: The Hunger Games.m4v
SUCCESS: MACGRUBER-1.m4v
SUCCESS: Zoom Academy For Superheroes.m4v
SUCCESS: National Lampoon's Vacation (1983).mp4
SUCCESS: Fantastic Mr. Fox.m4v
SUCCESS: RobDelaney - Live at the Bowery Ballroom.mp4
SUCCESS: Toy Story 3.m4v
SUCCESS: Fun and Fancy Free.m4v
SUCCESS: Here Comes Science.m4v
SUCCESS: Madagascar 3_ Europe's Most Wanted.m4v
SUCCESS: The.Great.Gatsby.2013.720p.BluRay.x264.YIFY.mp4
SUCCESS: MACGRUBER-2theatrical.m4v
SUCCESS: Tarzan and Jane.m4v
SUCCESS: The Sword In The Stone.mp4
SUCCESS: Peter Pan.m4v
SUCCESS: Inspector Gadget.m4v
SUCCESS: The Big Tease.m4v
