Migration started at Sat Jul 19 06:07:57 PM PDT 2025
SUCCESS: A Bug's Life.m4v
SUCCESS: Hotel Transylvania.m4v
SUCCESS: Megamind.m4v
SUCCESS: Mother (1996) DVDRip x264.mkv
SUCCESS: FRIENDS_WITH_KIDS.m4v
SUCCESS: My Neighbor Totoro.m4v
SUCCESS: Spy Kids 4 All the Time In The World.m4v
SUCCESS: Postcards From The Edge.m4v
SUCCESS: Teenage Mutant Ninja Turtles 2.m4v
SUCCESS: The Big Chill.m4v
SUCCESS: The Lorax.m4v
SUCCESS: Sixteen Candles.m4v
SUCCESS: Kung-Fu Panda 2.m4v
SUCCESS: Lego_ The Adventures of Clutch Powers.m4v
SUCCESS: Away We Go.m4v
SUCCESS: Alpha and Omega.m4v
SUCCESS: Sky High.m4v
SUCCESS: Louis C.K._ Live at the Beacon Theater.mp4
SUCCESS: The Hangover.m4v
SUCCESS: Monty Python and the Holy Grail.m4v
SUCCESS: Despicable Me.m4v
SUCCESS: Monsters vs. Aliens.m4v
SUCCESS: Ice Age 4 - Continental Drift.m4v
SUCCESS: Flushed Away.m4v
SUCCESS: Horton Hears a Who.m4v
