Migration started at Sat Jul 19 06:05:52 PM PDT 2025
SUCCESS: Tron.1982.1080p.BrRip.x264.bitloks.YIFY.mp4
SUCCESS: The.Avengers.2012.m4v
SUCCESS: Scott Pilgrim vs. The World.m4v
SUCCESS: The Kids Are Alright.m4v
SUCCESS: Keanu.2016.HC.HDRip.XviD.AC3-EVO.avi
SUCCESS: Bee Movie.m4v
SUCCESS: The Amazing Spider-Man.2012.retail.dvdrip.xvid.avi
SUCCESS: QUANTUM_OF_SOLACE.m4v
SUCCESS: Rio 2011 DVDRiP XViD AC3 - IMAGiNE.avi
SUCCESS: Funny People.m4v
SUCCESS: Mean.Girls.2004.1080p.BrRip.x264.YIFY.mp4
SUCCESS: There Will Be Blood.m4v
SUCCESS: Across The Universe.m4v
SUCCESS: Ponyo.m4v
SUCCESS: Ratatouille.m4v
SUCCESS: Tangled.m4v
SUCCESS: Road Trip.m4v
SUCCESS: JOHNNY_ENGLISH.m4v
SUCCESS: The Neverending Story.m4v
SUCCESS: HOME_ALONE_SE.m4v
