Migration started at Sat Jul 19 05:27:59 PM PDT 2025
SUCCESS: 1920-wanted1080p.mkv
SUCCESS: The Good Dinosaur 2015 BluRay 1080p AVC DTS-HD MA 7.1 x264-ETRG.mkv
SUCCESS: Labyrinth 1986 BDRip 1080p HighCode- PublicHash.mkv
SUCCESS: the.muppets.2011.720p.bluray.x264-sparks.mkv
SUCCESS: Once.2006.BluRay.720P.DTS.x264-CHD.mkv
SUCCESS: The.Peanuts.Movie.2015.1080p.BluRay.x264.Hi10P.Eng-Fre-Spa-Por-Kor.5Audio-OoO.mkv
SUCCESS: A Million Ways to Die in the West 2014 1080p BRRip x264 DTS-JYK.mkv
MISSING: /media/mark/paperless-ssd/digital_consolidation/thunderbolt_transfer/Plex Server/Movies/Movies/Avatar.m4v
SUCCESS: Concert for George.m4v
SUCCESS: Trainwreck 2015 UNRATED 1080p BluRay x264 DTS-JYK.mkv
SUCCESS: Rumble in the Bronx 1995 3Li BluRay 720p.mkv
SUCCESS: The Lego Movie.mkv
SUCCESS: Led Zeppelin - Celebration Day 2012 BDRip 720p [MP4-AAC](oan).mp4
SUCCESS: The Breakfast Club.mp4
SKIP: The Breakfast Club.mp4 (already exists)
SUCCESS: The BFG.m4v
SUCCESS: Deadpool 2016 1080p BluRay x264 DTS-JYK.mkv
SUCCESS: Despicable Me 2 2013 1080p BRRip x264 AC3-JYK.mkv
SUCCESS: Speed Racer.m4v
SUCCESS: Indiana Jones 3 1989 Last Crusade.mp4
